Error: Invalid password. | Date: 2024-09-29 06:48:11
Error: Invalid password. | Date: 2024-09-29 06:48:52
Error: User not found. | Date: 2024-09-29 06:51:07
Error: User not found. | Date: 2024-09-29 06:51:10
Error: User not found. | Date: 2024-09-29 06:51:18
Error: Invalid password. | Date: 2024-09-29 06:51:27
Error: Invalid password. | Date: 2024-09-29 06:51:34
Error: Invalid password. | Date: 2024-09-29 06:51:52
Error: Invalid password. | Date: 2024-09-29 07:15:31
Error: Invalid password. | Date: 2024-09-29 11:20:42
Error: Invalid password. | Date: 2024-09-29 11:20:48
Error: Invalid password. | Date: 2024-09-29 11:21:23
Error: Invalid password. | Date: 2024-09-29 11:47:05
Error: Invalid password. | Date: 2024-09-29 12:34:02
Error: Invalid password. | Date: 2024-09-29 12:34:35
Error: Invalid password. | Date: 2024-09-29 12:36:18
Error: Invalid password. | Date: 2024-09-29 13:05:55
Error: Invalid password. | Date: 2024-10-01 04:03:40
Error: Username and password are required. | Date: 2024-10-04 09:23:40
Error: Invalid password. | Date: 2024-10-04 09:29:35
Error: Invalid password. | Date: 2024-10-04 09:29:38
Error: Invalid password. | Date: 2024-10-04 09:29:52
Error: Username and password are required. | Date: 2024-10-04 09:30:17
Error: Invalid password. | Date: 2024-10-04 10:43:01
Error: Invalid password. | Date: 2024-10-04 10:43:06
Error: Invalid password. | Date: 2024-10-06 04:59:40
Error: Invalid password. | Date: 2024-10-06 05:24:12
Error: Invalid password. | Date: 2024-10-06 05:24:19
Error: Invalid password. | Date: 2024-10-06 05:30:54
Error: Invalid password. | Date: 2024-10-06 05:31:03
Error: Invalid password. | Date: 2024-10-06 05:46:36
Error: Invalid password. | Date: 2024-10-06 07:01:28
Error: Invalid password. | Date: 2024-10-06 07:01:34
Error: Invalid password. | Date: 2024-10-06 07:01:40
Error: Invalid password. | Date: 2024-10-06 07:01:51
Error: Invalid password. | Date: 2024-10-06 07:05:23
